\BOOKMARK [0][-]{chapter*.1}{\376\377\000N\000h\036\255\000n\000\040\000x\000\351\000t\000\040\000c\036\347\000a\000\040\000g\000i\036\243\000n\000g\000\040\000v\000i\000\352\000n\000\040\000h\001\260\036\333\000n\000g\000\040\000d\036\253\000n}{}% 1
\BOOKMARK [0][-]{chapter*.2}{\376\377\000N\000h\036\255\000n\000\040\000x\000\351\000t\000\040\000c\036\347\000a\000\040\000g\000i\036\243\000n\000g\000\040\000v\000i\000\352\000n\000\040\000p\000h\036\243\000n\000\040\000b\000i\036\307\000n}{}% 2
\BOOKMARK [0][-]{chapter*.3}{\376\377\000T\000\363\000m\000\040\000t\036\257\000t}{}% 3
\BOOKMARK [0][-]{chapter*.4}{\376\377\000N\000h\000i\036\307\000m\000\040\000v\036\345\000\040\001\021\036\323\000\040\000\341\000n\000\040\000t\036\321\000t\000\040\000n\000g\000h\000i\036\307\000p}{}% 4
\BOOKMARK [0][-]{chapter*.5}{\376\377\000L\036\335\000i\000\040\000n\000\363\000i\000\040\001\021\036\247\000u}{}% 5
\BOOKMARK [0][-]{chapter*.6}{\376\377\000L\036\335\000i\000\040\000c\000a\000m\000\040\001\021\000o\000a\000n}{}% 6
\BOOKMARK [0][-]{toc.0}{\376\377\000M\036\345\000c\000\040\000l\036\345\000c}{}% 7
\BOOKMARK [0][-]{section*.8}{\376\377\000D\000a\000n\000h\000\040\000m\036\345\000c\000\040\000h\000\354\000n\000h\000\040\000v\036\275}{}% 8
\BOOKMARK [0][-]{chapter*.10}{\376\377\000D\000a\000n\000h\000\040\000m\036\345\000c\000\040\000k\000\375\000\040\000h\000i\036\307\000u\000,\000\040\000c\000h\036\357\000\040\000v\000i\036\277\000t\000\040\000t\036\257\000t}{}% 9
\BOOKMARK [0][-]{chapter*.11}{\376\377\000M\036\337\000\040\001\021\036\247\000u}{}% 10
\BOOKMARK [1][-]{section*.12}{\376\377\0001\000.\000\040\000L\000\375\000\040\000d\000o\000\040\000c\000h\036\315\000n\000\040\001\021\036\301\000\040\000t\000\340\000i}{chapter*.11}% 11
\BOOKMARK [1][-]{section*.12}{\376\377\0002\000.\000\040\000M\036\345\000c\000\040\000t\000i\000\352\000u\000\040\000c\036\347\000a\000\040\001\021\036\301\000\040\000t\000\340\000i}{chapter*.11}% 12
\BOOKMARK [1][-]{section*.12}{\376\377\0003\000.\000\040\001\020\036\321\000i\000\040\000t\001\260\036\343\000n\000g\000\040\000v\000\340\000\040\000p\000h\036\241\000m\000\040\000v\000i}{chapter*.11}% 13
\BOOKMARK [1][-]{section*.12}{\376\377\0004\000.\000\040\000P\000h\001\260\001\241\000n\000g\000\040\000p\000h\000\341\000p\000\040\000t\000h\036\361\000c\000\040\000h\000i\036\307\000n}{chapter*.11}% 14
\BOOKMARK [1][-]{section*.12}{\376\377\0005\000.\000\040\000P\000h\000\342\000n\000\040\000c\000\364\000n\000g\000\040\000c\000\364\000n\000g\000\040\000v\000i\036\307\000c\000\040\000t\000r\000o\000n\000g\000\040\000n\000h\000\363\000m}{chapter*.11}% 15
\BOOKMARK [1][-]{figure.caption.17}{\376\377\0006\000.\000\040\000B\036\321\000\040\000c\036\345\000c\000\040\000b\000\341\000o\000\040\000c\000\341\000o}{chapter*.11}% 16
\BOOKMARK [0][-]{chapter*.18}{\376\377\000C\000h\001\260\001\241\000n\000g\000\040\0001\000.\000\040\000T\036\325\000n\000g\000\040\000q\000u\000a\000n\000\040\000v\000\340\000\040\000k\000h\036\243\000o\000\040\000s\000\341\000t\000\040\000b\000\340\000i\000\040\000t\000o\000\341\000n}{}% 17
\BOOKMARK [1][-]{section*.19}{\376\377\0001\000.\0001\000.\000\040\000T\036\325\000n\000g\000\040\000q\000u\000a\000n\000\040\000v\036\301\000\040\000q\000u\036\243\000n\000\040\000l\000\375\000\040\000v\036\255\000n\000\040\000h\000\340\000n\000h\000\040\000t\000\362\000a\000\040\000n\000h\000\340}{chapter*.18}% 18
\BOOKMARK [2][-]{section*.19}{\376\377\0001\000.\0001\000.\0001\000.\000\040\000C\000\341\000c\000\040\000b\000\352\000n\000\040\000l\000i\000\352\000n\000\040\000q\000u\000a\000n\000\040\000v\000\340\000\040\000v\000a\000i\000\040\000t\000r\000\362}{chapter*.18}% 19
\BOOKMARK [2][-]{section*.19}{\376\377\0001\000.\0001\000.\0002\000.\000\040\000C\000\341\000c\000\040\000n\000g\000h\000i\036\307\000p\000\040\000v\036\345\000\040\000c\000h\000\355\000n\000h}{chapter*.18}% 20
\BOOKMARK [1][-]{section*.19}{\376\377\0001\000.\0002\000.\000\040\000K\000h\036\243\000o\000\040\000s\000\341\000t\000\040\000h\000i\036\307\000n\000\040\000t\000r\036\241\000n\000g\000\040\000v\000\340\000\040\000v\036\245\000n\000\040\001\021\036\301\000\040\001\021\036\267\000t\000\040\000r\000a}{chapter*.18}% 21
\BOOKMARK [1][-]{section*.19}{\376\377\0001\000.\0003\000.\000\040\000K\000h\036\243\000o\000\040\000s\000\341\000t\000\040\000c\000\341\000c\000\040\000g\000i\036\243\000i\000\040\000p\000h\000\341\000p\000\040\000h\000i\036\307\000n\000\040\000c\000\363}{chapter*.18}% 22
\BOOKMARK [1][-]{table.0.12}{\376\377\0001\000.\0004\000.\000\040\001\020\036\301\000\040\000x\000u\036\245\000t\000\040\000g\000i\036\243\000i\000\040\000p\000h\000\341\000p\000\040\000v\000\340\000\040\000k\000i\036\277\000n\000\040\000t\000r\000\372\000c\000\040\000m\000o\000d\000u\000l\000e\000\040\000h\000o\000\341}{chapter*.18}% 23
\BOOKMARK [1][-]{table.0.12}{\376\377\0001\000.\0005\000.\000\040\000M\036\345\000c\000\040\000t\000i\000\352\000u\000,\000\040\000p\000h\036\241\000m\000\040\000v\000i\000\040\000v\000\340\000\040\000y\000\352\000u\000\040\000c\036\247\000u\000\040\000h\036\307\000\040\000t\000h\036\321\000n\000g}{chapter*.18}% 24
\BOOKMARK [2][-]{section*.20}{\376\377\0001\000.\0005\000.\0001\000.\000\040\000Y\000\352\000u\000\040\000c\036\247\000u\000\040\000c\000h\036\351\000c\000\040\000n\001\003\000n\000g}{table.0.12}% 25
\BOOKMARK [2][-]{section*.20}{\376\377\0001\000.\0005\000.\0002\000.\000\040\000Y\000\352\000u\000\040\000c\036\247\000u\000\040\000p\000h\000i\000\040\000c\000h\036\351\000c\000\040\000n\001\003\000n\000g}{table.0.12}% 26
\BOOKMARK [1][-]{section*.20}{\376\377\0001\000.\0006\000.\000\040\000K\036\277\000t\000\040\000l\000u\036\255\000n\000\040\000c\000h\001\260\001\241\000n\000g}{chapter*.18}% 27
\BOOKMARK [0][-]{chapter*.21}{\376\377\000C\000h\001\260\001\241\000n\000g\000\040\0002\000.\000\040\000C\001\241\000\040\000s\036\337\000\040\000l\000\375\000\040\000t\000h\000u\000y\036\277\000t\000\040\000v\000\340\000\040\000c\000\364\000n\000g\000\040\000n\000g\000h\036\307\000\040\000s\036\355\000\040\000d\036\345\000n\000g}{}% 28
\BOOKMARK [1][-]{section*.22}{\376\377\0002\000.\0001\000.\000\040\000K\000i\036\277\000n\000\040\000t\000r\000\372\000c\000\040\000p\000h\036\247\000n\000\040\000m\036\301\000m\000\040\000\341\000p\000\040\000d\036\345\000n\000g}{chapter*.21}% 29
\BOOKMARK [1][-]{section*.22}{\376\377\0002\000.\0002\000.\000\040\000C\000\364\000n\000g\000\040\000n\000g\000h\036\307\000\040\000B\000a\000c\000k\000e\000n\000d\000\040\000\050\000.\000N\000E\000T\000\040\0008\000\040\000W\000e\000b\000\040\000A\000P\000I\000\051}{chapter*.21}% 30
\BOOKMARK [1][-]{table.0.13}{\376\377\0002\000.\0003\000.\000\040\000C\000\364\000n\000g\000\040\000n\000g\000h\036\307\000\040\000F\000r\000o\000n\000t\000e\000n\000d\000\040\000\050\000N\000e\000x\000t\000.\000j\000s\000\040\0001\0006\000\040\000+\000\040\000R\000e\000a\000c\000t\000\040\0001\0009\000\051}{chapter*.21}% 31
\BOOKMARK [1][-]{table.0.14}{\376\377\0002\000.\0004\000.\000\040\000C\001\241\000\040\000s\036\337\000\040\000d\036\357\000\040\000l\000i\036\307\000u\000\040\000P\000o\000s\000t\000g\000r\000e\000S\000Q\000L}{chapter*.21}% 32
\BOOKMARK [1][-]{table.0.14}{\376\377\0002\000.\0005\000.\000\040\000B\036\243\000o\000\040\000m\036\255\000t\000\040\000v\000\340\000\040\000p\000h\000\342\000n\000\040\000q\000u\000y\036\301\000n\000\040\000\050\000J\000W\000T\000,\000\040\000O\000A\000u\000t\000h\000,\000\040\000M\000F\000A\000/\000T\000O\000T\000P\000,\000\040\000R\000B\000A\000C\000\051}{chapter*.21}% 33
\BOOKMARK [1][-]{table.0.14}{\376\377\0002\000.\0006\000.\000\040\000H\036\241\000\040\000t\036\247\000n\000g\000\040\000c\000a\000c\000h\000e\000,\000\040\000l\001\260\000u\000\040\000t\000r\036\357\000\040\000v\000\340\000\040\000e\000m\000a\000i\000l}{chapter*.21}% 34
\BOOKMARK [1][-]{table.0.14}{\376\377\0002\000.\0007\000.\000\040\000C\000\364\000n\000g\000\040\000n\000g\000h\036\307\000\040\000A\000I\000/\000O\000C\000R\000\040\000\050\000V\000i\000e\000t\000O\000C\000R\000\051\000\040\000v\000\340\000\040\000x\036\355\000\040\000l\000\375\000\040\000n\036\301\000n}{chapter*.21}% 35
\BOOKMARK [1][-]{table.0.14}{\376\377\0002\000.\0008\000.\000\040\000C\000\364\000n\000g\000\040\000c\036\345\000\040\000q\000u\036\243\000n\000\040\000l\000\375\000\040\000d\036\361\000\040\000\341\000n\000\040\000v\000\340\000\040\000t\000r\000i\036\303\000n\000\040\000k\000h\000a\000i}{chapter*.21}% 36
\BOOKMARK [1][-]{table.0.14}{\376\377\0002\000.\0009\000.\000\040\000K\036\277\000t\000\040\000l\000u\036\255\000n\000\040\000c\000h\001\260\001\241\000n\000g}{chapter*.21}% 37
\BOOKMARK [0][-]{chapter*.23}{\376\377\000C\000h\001\260\001\241\000n\000g\000\040\0003\000.\000\040\000P\000h\000\342\000n\000\040\000t\000\355\000c\000h\000\040\000v\000\340\000\040\000t\000h\000i\036\277\000t\000\040\000k\036\277\000\040\000m\000o\000d\000u\000l\000e\000\040\000c\000h\000u\000n\000g\000\040\000\050\000B\000a\000s\000e\000\051}{}% 38
\BOOKMARK [1][-]{section*.24}{\376\377\0003\000.\0001\000.\000\040\000K\000i\036\277\000n\000\040\000t\000r\000\372\000c\000\040\000t\036\325\000n\000g\000\040\000t\000h\036\303\000\040\000h\036\307\000\040\000t\000h\036\321\000n\000g\000\040\000T\000o\000w\000n\000H\000u\000b}{chapter*.23}% 39
\BOOKMARK [1][-]{figure.caption.25}{\376\377\0003\000.\0002\000.\000\040\000B\000i\036\303\000u\000\040\001\021\036\323\000\040\000U\000s\000e\000\040\000C\000a\000s\000e\000\040\000t\036\325\000n\000g\000\040\000q\000u\000\341\000t}{chapter*.23}% 40
\BOOKMARK [1][-]{table.0.15}{\376\377\0003\000.\0003\000.\000\040\000T\000h\000i\036\277\000t\000\040\000k\036\277\000\040\000c\001\241\000\040\000s\036\337\000\040\000d\036\357\000\040\000l\000i\036\307\000u\000\040\000l\000\365\000i\000\040\000\050\000s\000c\000h\000e\000m\000a\000\040\000a\000u\000t\000h\000\051}{chapter*.23}% 41
\BOOKMARK [1][-]{table.0.16}{\376\377\0003\000.\0004\000.\000\040\001\020\036\267\000c\000\040\000t\036\243\000\040\000c\000\341\000c\000\040\000p\000h\000\342\000n\000\040\000h\036\307\000\040\000B\000a\000s\000e}{chapter*.23}% 42
\BOOKMARK [2][-]{section*.28}{\376\377\0003\000.\0004\000.\0001\000.\000\040\000A\000u\000t\000h\000\040\000\046\000\040\000S\000e\000c\000u\000r\000i\000t\000y\000\040\000-\000\040\000X\000\341\000c\000\040\000t\000h\036\361\000c\000\040\000v\000\340\000\040\000p\000h\000\342\000n\000\040\000q\000u\000y\036\301\000n}{table.0.16}% 43
\BOOKMARK [2][-]{figure.caption.30}{\376\377\0003\000.\0004\000.\0002\000.\000\040\000U\000s\000e\000r\000\040\000M\000a\000n\000a\000g\000e\000m\000e\000n\000t\000\040\000-\000\040\000N\000g\001\260\036\335\000i\000\040\000d\000\371\000n\000g\000\040\000v\000\340\000\040\000n\000h\036\255\000t\000\040\000k\000\375\000\040\000h\000o\036\241\000t\000\040\001\021\036\331\000n\000g}{table.0.16}% 44
\BOOKMARK [2][-]{figure.caption.30}{\376\377\0003\000.\0004\000.\0003\000.\000\040\000N\000o\000t\000i\000f\000i\000c\000a\000t\000i\000o\000n\000\040\000E\000n\000g\000i\000n\000e\000\040\000-\000\040\000T\000h\000\364\000n\000g\000\040\000b\000\341\000o}{table.0.16}% 45
\BOOKMARK [2][-]{figure.caption.30}{\376\377\0003\000.\0004\000.\0004\000.\000\040\000C\000o\000n\000f\000i\000g\000u\000r\000a\000t\000i\000o\000n\000\040\000-\000\040\000C\036\245\000u\000\040\000h\000\354\000n\000h\000\040\000v\000\340\000\040\000d\000a\000n\000h\000\040\000m\036\345\000c\000\040\000d\000\371\000n\000g\000\040\000c\000h\000u\000n\000g}{table.0.16}% 46
\BOOKMARK [2][-]{figure.caption.30}{\376\377\0003\000.\0004\000.\0005\000.\000\040\000R\000e\000p\000o\000r\000t\000i\000n\000g\000\040\000-\000\040\000D\000a\000s\000h\000b\000o\000a\000r\000d\000\040\000v\000\340\000\040\000K\000P\000I}{table.0.16}% 47
\BOOKMARK [1][-]{figure.caption.31}{\376\377\0003\000.\0005\000.\000\040\000T\000h\000i\036\277\000t\000\040\000k\036\277\000\040\000A\000P\000I\000\040\000d\000\371\000n\000g\000\040\000c\000h\000u\000n\000g\000\040\000v\000\340\000\040\001\021\000i\036\303\000m\000\040\000m\036\337\000\040\000r\036\331\000n\000g\000\040\000c\000h\000o\000\040\000p\000h\000\342\000n\000\040\000h\036\307\000\040\000r\000i\000\352\000n\000g}{chapter*.23}% 48
\BOOKMARK [1][-]{figure.caption.31}{\376\377\0003\000.\0006\000.\000\040\000K\036\277\000t\000\040\000l\000u\036\255\000n\000\040\000c\000h\001\260\001\241\000n\000g}{chapter*.23}% 49
\BOOKMARK [0][-]{chapter*.32}{\376\377\000C\000h\001\260\001\241\000n\000g\000\040\0004\000.\000\040\000P\000h\000\342\000n\000\040\000t\000\355\000c\000h\000\040\000v\000\340\000\040\000t\000h\000i\036\277\000t\000\040\000k\036\277\000\040\000p\000h\000\342\000n\000\040\000h\036\307\000\040\000Q\000u\036\243\000n\000\040\000l\000\375\000\040\000t\000\340\000i\000\040\000s\036\243\000n\000\040\000\050\000p\000h\036\247\000n\000\040\000r\000i\000\352\000n\000g\000\051}{}% 50
\BOOKMARK [1][-]{section*.33}{\376\377\0004\000.\0001\000.\000\040\000N\000g\000h\000i\036\307\000p\000\040\000v\036\345\000\040\000T\000\340\000i\000\040\000s\036\243\000n\000\040\000\046\000\040\000b\036\243\000o\000\040\000t\000r\000\354}{chapter*.32}% 51
\BOOKMARK [2][-]{section*.33}{\376\377\0004\000.\0001\000.\0001\000.\000\040\001\020\036\267\000t\000\040\000v\036\245\000n\000\040\001\021\036\301\000\040\000v\000\340\000\040\000p\000h\036\241\000m\000\040\000v\000i}{chapter*.32}% 52
\BOOKMARK [2][-]{section*.33}{\376\377\0004\000.\0001\000.\0002\000.\000\040\000M\036\321\000i\000\040\000l\000i\000\352\000n\000\040\000h\036\307\000\040\000v\000\340\000\040\000k\036\277\000\040\000t\000h\036\353\000a\000\040\000t\036\353\000\040\000m\000o\000d\000u\000l\000e\000\040\000B\000a\000s\000e}{chapter*.32}% 53
\BOOKMARK [2][-]{section*.33}{\376\377\0004\000.\0001\000.\0003\000.\000\040\000P\000h\000\342\000n\000\040\000t\000\355\000c\000h\000\040\000y\000\352\000u\000\040\000c\036\247\000u\000\040\000c\000h\036\351\000c\000\040\000n\001\003\000n\000g}{chapter*.32}% 54
\BOOKMARK [2][-]{table.0.17}{\376\377\0004\000.\0001\000.\0004\000.\000\040\000Y\000\352\000u\000\040\000c\036\247\000u\000\040\000p\000h\000i\000\040\000c\000h\036\351\000c\000\040\000n\001\003\000n\000g}{chapter*.32}% 55
\BOOKMARK [2][-]{table.0.17}{\376\377\0004\000.\0001\000.\0005\000.\000\040\000T\000h\000i\036\277\000t\000\040\000k\036\277\000\040\000p\000h\000\342\000n\000\040\000h\036\307}{chapter*.32}% 56
\BOOKMARK [2][-]{table.0.20}{\376\377\0004\000.\0001\000.\0006\000.\000\040\000T\000h\000i\036\277\000t\000\040\000k\036\277\000\040\000g\000i\000a\000o\000\040\000d\000i\036\307\000n}{chapter*.32}% 57
\BOOKMARK [2][-]{figure.caption.41}{\376\377\0004\000.\0001\000.\0007\000.\000\040\000T\000h\000\340\000n\000h\000\040\000p\000h\036\247\000n\000\040\000t\000h\000\364\000n\000g\000\040\000m\000i\000n\000h\000:\000\040\000s\000i\000n\000h\000\040\000m\000\343\000\040\000\046\000\040\000k\000h\036\245\000u\000\040\000h\000a\000o\000\040\000t\036\361\000\040\001\021\036\331\000n\000g}{chapter*.32}% 58
\BOOKMARK [1][-]{figure.caption.41}{\376\377\0004\000.\0002\000.\000\040\000N\000g\000h\000i\036\307\000p\000\040\000v\036\345\000\040\000K\000h\000o\000,\000\040\000M\000u\000a\000\040\000s\036\257\000m\000\040\000v\000\340\000\040\000N\000h\000\340\000\040\000c\000u\000n\000g\000\040\000c\036\245\000p}{chapter*.32}% 59
\BOOKMARK [2][-]{section*.42}{\376\377\0004\000.\0002\000.\0001\000.\000\040\001\020\036\267\000t\000\040\000v\036\245\000n\000\040\001\021\036\301\000\040\000v\000\340\000\040\000p\000h\036\241\000m\000\040\000v\000i}{figure.caption.41}% 60
\BOOKMARK [2][-]{section*.42}{\376\377\0004\000.\0002\000.\0002\000.\000\040\000M\036\321\000i\000\040\000l\000i\000\352\000n\000\040\000h\036\307\000\040\000v\036\333\000i\000\040\000B\000a\000s\000e\000\040\000v\000\340\000\040\000c\000\341\000c\000\040\000p\000h\000\342\000n\000\040\000h\036\307\000\040\000k\000h\000\341\000c}{figure.caption.41}% 61
\BOOKMARK [2][-]{section*.42}{\376\377\0004\000.\0002\000.\0003\000.\000\040\000P\000h\000\342\000n\000\040\000t\000\355\000c\000h\000\040\000y\000\352\000u\000\040\000c\036\247\000u\000\040\000c\000h\036\351\000c\000\040\000n\001\003\000n\000g}{figure.caption.41}% 62
\BOOKMARK [2][-]{figure.caption.46}{\376\377\0004\000.\0002\000.\0004\000.\000\040\000Y\000\352\000u\000\040\000c\036\247\000u\000\040\000p\000h\000i\000\040\000c\000h\036\351\000c\000\040\000n\001\003\000n\000g}{figure.caption.41}% 63
\BOOKMARK [2][-]{figure.caption.46}{\376\377\0004\000.\0002\000.\0005\000.\000\040\000T\000h\000i\036\277\000t\000\040\000k\036\277\000\040\000p\000h\000\342\000n\000\040\000h\036\307}{figure.caption.41}% 64
\BOOKMARK [2][-]{table.0.24}{\376\377\0004\000.\0002\000.\0006\000.\000\040\000T\000h\000i\036\277\000t\000\040\000k\036\277\000\040\000g\000i\000a\000o\000\040\000d\000i\036\307\000n}{figure.caption.41}% 65
\BOOKMARK [2][-]{figure.caption.51}{\376\377\0004\000.\0002\000.\0007\000.\000\040\000C\000h\000i\000\040\000t\000i\036\277\000t\000\040\000k\036\371\000\040\000t\000h\000u\036\255\000t\000\040\000O\000C\000R\000\040\000h\000\363\000a\000\040\001\021\001\241\000n\000:\000\040\000m\000\364\000\040\000h\000\354\000n\000h\000,\000\040\000h\000u\036\245\000n\000\040\000l\000u\000y\036\307\000n\000\040\000v\000\340\000\040\001\021\000\341\000n\000h\000\040\000g\000i\000\341}{figure.caption.41}% 66
\BOOKMARK [1][-]{figure.caption.60}{\376\377\0004\000.\0003\000.\000\040\000N\000g\000h\000i\036\307\000p\000\040\000v\036\345\000\040\000Q\000u\036\243\000n\000\040\000l\000\375\000\040\000s\036\361\000\040\000c\036\321\000\040\000v\000\340\000\040\000S\000L\000A}{chapter*.32}% 67
\BOOKMARK [2][-]{section*.61}{\376\377\0004\000.\0003\000.\0001\000.\000\040\001\020\036\267\000t\000\040\000v\036\245\000n\000\040\001\021\036\301\000\040\000v\000\340\000\040\000p\000h\036\241\000m\000\040\000v\000i}{figure.caption.60}% 68
\BOOKMARK [2][-]{section*.61}{\376\377\0004\000.\0003\000.\0002\000.\000\040\000M\036\321\000i\000\040\000l\000i\000\352\000n\000\040\000h\036\307\000\040\000v\036\333\000i\000\040\000B\000a\000s\000e\000\040\000v\000\340\000\040\000c\000\341\000c\000\040\000p\000h\000\342\000n\000\040\000h\036\307\000\040\000k\000h\000\341\000c}{figure.caption.60}% 69
\BOOKMARK [2][-]{section*.61}{\376\377\0004\000.\0003\000.\0003\000.\000\040\000P\000h\000\342\000n\000\040\000t\000\355\000c\000h\000\040\000y\000\352\000u\000\040\000c\036\247\000u\000\040\000c\000h\036\351\000c\000\040\000n\001\003\000n\000g}{figure.caption.60}% 70
\BOOKMARK [2][-]{figure.caption.62}{\376\377\0004\000.\0003\000.\0004\000.\000\040\000Y\000\352\000u\000\040\000c\036\247\000u\000\040\000p\000h\000i\000\040\000c\000h\036\351\000c\000\040\000n\001\003\000n\000g}{figure.caption.60}% 71
\BOOKMARK [2][-]{figure.caption.62}{\376\377\0004\000.\0003\000.\0005\000.\000\040\000T\000h\000i\036\277\000t\000\040\000k\036\277\000\040\000p\000h\000\342\000n\000\040\000h\036\307}{figure.caption.60}% 72
\BOOKMARK [2][-]{table.0.31}{\376\377\0004\000.\0003\000.\0006\000.\000\040\000T\000h\000i\036\277\000t\000\040\000k\036\277\000\040\000g\000i\000a\000o\000\040\000d\000i\036\307\000n}{figure.caption.60}% 73
\BOOKMARK [1][-]{figure.caption.67}{\376\377\0004\000.\0004\000.\000\040\000K\036\277\000t\000\040\000l\000u\036\255\000n\000\040\000c\000h\001\260\001\241\000n\000g}{chapter*.32}% 74
\BOOKMARK [0][-]{chapter*.68}{\376\377\000C\000h\001\260\001\241\000n\000g\000\040\0005\000.\000\040\000T\000r\000i\036\303\000n\000\040\000k\000h\000a\000i\000,\000\040\000k\000i\036\303\000m\000\040\000t\000h\036\355\000\040\000v\000\340\000\040\001\021\000\341\000n\000h\000\040\000g\000i\000\341}{}% 75
\BOOKMARK [1][-]{section*.69}{\376\377\0005\000.\0001\000.\000\040\000M\000\364\000i\000\040\000t\000r\001\260\036\335\000n\000g\000\040\000v\000\340\000\040\000c\000\364\000n\000g\000\040\000n\000g\000h\036\307\000\040\000t\000r\000i\036\303\000n\000\040\000k\000h\000a\000i}{chapter*.68}% 76
\BOOKMARK [1][-]{table.0.33}{\376\377\0005\000.\0002\000.\000\040\000K\036\277\000t\000\040\000q\000u\036\243\000\040\000t\000r\000i\036\303\000n\000\040\000k\000h\000a\000i\000\040\000m\000o\000d\000u\000l\000e\000\040\000B\000a\000s\000e}{chapter*.68}% 77
\BOOKMARK [1][-]{figure.caption.71}{\376\377\0005\000.\0003\000.\000\040\000K\036\277\000t\000\040\000q\000u\036\243\000\040\000t\000r\000i\036\303\000n\000\040\000k\000h\000a\000i\000\040\000p\000h\000\342\000n\000\040\000h\036\307\000\040\000Q\000u\036\243\000n\000\040\000l\000\375\000\040\000t\000\340\000i\000\040\000s\036\243\000n\000\040\000\050\000p\000h\036\247\000n\000\040\000r\000i\000\352\000n\000g\000\051}{chapter*.68}% 78
\BOOKMARK [1][-]{figure.caption.71}{\376\377\0005\000.\0004\000.\000\040\000K\000i\036\303\000m\000\040\000t\000h\036\355\000\040\000h\036\307\000\040\000t\000h\036\321\000n\000g}{chapter*.68}% 79
\BOOKMARK [1][-]{figure.caption.72}{\376\377\0005\000.\0005\000.\000\040\001\020\000\341\000n\000h\000\040\000g\000i\000\341\000\040\000h\036\307\000\040\000t\000h\036\321\000n\000g}{chapter*.68}% 80
\BOOKMARK [1][-]{figure.caption.72}{\376\377\0005\000.\0006\000.\000\040\001\020\000\341\000n\000h\000\040\000g\000i\000\341\000\040\001\021\036\241\000o\000\040\001\021\036\351\000c\000,\000\040\000a\000n\000\040\000t\000o\000\340\000n\000\040\000d\036\357\000\040\000l\000i\036\307\000u\000\040\000v\000\340\000\040\000b\036\321\000i\000\040\000c\036\243\000n\000h\000\040\000x\000\343\000\040\000h\036\331\000i}{chapter*.68}% 81
\BOOKMARK [1][-]{figure.caption.72}{\376\377\0005\000.\0007\000.\000\040\000K\036\277\000t\000\040\000l\000u\036\255\000n\000\040\000c\000h\001\260\001\241\000n\000g}{chapter*.68}% 82
\BOOKMARK [0][-]{chapter*.73}{\376\377\000K\036\277\000t\000\040\000l\000u\036\255\000n}{}% 83
\BOOKMARK [1][-]{section*.74}{\376\377\0001\000.\000\040\000K\036\277\000t\000\040\000q\000u\036\243\000\040\001\021\036\241\000t\000\040\001\021\001\260\036\343\000c}{chapter*.73}% 84
\BOOKMARK [1][-]{section*.74}{\376\377\0002\000.\000\040\000H\036\241\000n\000\040\000c\000h\036\277}{chapter*.73}% 85
\BOOKMARK [1][-]{section*.74}{\376\377\0003\000.\000\040\000H\001\260\036\333\000n\000g\000\040\000p\000h\000\341\000t\000\040\000t\000r\000i\036\303\000n}{chapter*.73}% 86
\BOOKMARK [1][-]{section*.74}{\376\377\0004\000.\000\040\001\020\000\363\000n\000g\000\040\000g\000\363\000p\000\040\000c\036\347\000a\000\040\000c\000\341\000\040\000n\000h\000\342\000n}{chapter*.73}% 87
\BOOKMARK [0][-]{chapter*.75}{\376\377\000T\000\340\000i\000\040\000l\000i\036\307\000u\000\040\000t\000h\000a\000m\000\040\000k\000h\036\243\000o}{}% 88
\BOOKMARK [0][-]{chapter*.76}{\376\377\000P\000h\036\345\000\040\000l\036\345\000c}{}% 89
